﻿
> frontend@0.0.0 build
> vite build

[36mvite v7.3.0 [32mbuilding client environment for production...[36m[39m
transforming...
[32mΓ£ô[39m 73 modules transformed.
node.exe : [31mΓ£ù[39m Build failed 
in 2.21s
At line:1 char:1
+ & "C:\Program 
Files\nodejs/node.exe" "C:\Program 
Files\nodejs/node_mo ...
+ ~~~~~~~~~~~~~~~~~~~~~~~~~~~~~~~~~~~~
~~~~~~~~~~~~~~~~~~~~~~~~~~~~~~~~~
    + CategoryInfo          : NotSpec 
   ified: ([31mΓ£ù[39m Build faile  
  d in 2.21s:String) [], RemoteExce   
 ption
    + FullyQualifiedErrorId : NativeC 
   ommandError
 
[31merror during build:
[31mCould not resolve 
"../assets/grocery_favicon.jpg" from 
"src/components/Loader.jsx"[31m
file: [36mC:/Users/Lenovo/Desktop/GB_
updated/frontend/src/components/Loader
.jsx[31m
    at getRollupError (file:///C:/User
s/Lenovo/Desktop/GB_updated/frontend/n
ode_modules/rollup/dist/es/shared/pars
eAst.js:401:41)
    at error (file:///C:/Users/Lenovo/
Desktop/GB_updated/frontend/node_modul
es/rollup/dist/es/shared/parseAst.js:3
97:42)
    at 
ModuleLoader.handleInvalidResolvedId (
file:///C:/Users/Lenovo/Desktop/GB_upd
ated/frontend/node_modules/rollup/dist
/es/shared/node-entry.js:21661:24)
    at file:///C:/Users/Lenovo/Desktop
/GB_updated/frontend/node_modules/roll
up/dist/es/shared/node-entry.js:21621:
26[39m
